src/context/AuthContext.tsx(5,21): error TS7016: Could not find a declaration file for module 'js-cookie'. 'C:/Users/My PC/Downloads/FakeJobDetection/FakeJobDetection/frontend/node_modules/js-cookie/dist/js.cookie.mjs' implicitly has an 'any' type.
  Try `npm i --save-dev @types/js-cookie` if it exists or add a new declaration (.d.ts) file containing `declare module 'js-cookie';`
src/lib/api.ts(2,21): error TS7016: Could not find a declaration file for module 'js-cookie'. 'C:/Users/My PC/Downloads/FakeJobDetection/FakeJobDetection/frontend/node_modules/js-cookie/dist/js.cookie.mjs' implicitly has an 'any' type.
  Try `npm i --save-dev @types/js-cookie` if it exists or add a new declaration (.d.ts) file containing `declare module 'js-cookie';`
